2025-05-07 17:25:26,902 - app - INFO - Health check endpoint hit.
2025-05-07 17:25:56,994 - app - INFO - Health check endpoint hit.
2025-05-07 17:26:27,109 - app - INFO - Health check endpoint hit.
2025-05-07 17:26:45,418 - app - INFO - Initializing the database...
2025-05-07 17:26:45,418 - app - INFO - Connecting to the database...
2025-05-07 17:26:45,433 - app - INFO - Database connection established.
2025-05-07 17:26:45,446 - app - INFO - Database initialized.
2025-05-07 17:26:45,446 - app - INFO - Adding task: added
2025-05-07 17:26:45,446 - app - INFO - Connecting to the database...
2025-05-07 17:26:45,450 - app - INFO - Database connection established.
2025-05-07 17:26:45,462 - app - INFO - Task 'added' added to the database.
2025-05-07 17:26:45,463 - app - INFO - Connecting to the database...
2025-05-07 17:26:45,467 - app - INFO - Database connection established.
2025-05-07 17:26:45,469 - app - INFO - Tasks retrieved from database and cached.
2025-05-07 17:26:48,404 - app - INFO - Health check endpoint hit.
2025-05-07 17:26:57,182 - app - INFO - Health check endpoint hit.
2025-05-07 17:27:27,260 - app - INFO - Health check endpoint hit.
2025-05-07 17:27:57,360 - app - INFO - Health check endpoint hit.
2025-05-07 17:28:27,448 - app - INFO - Health check endpoint hit.
2025-05-07 17:28:57,536 - app - INFO - Health check endpoint hit.
2025-05-07 17:29:27,625 - app - INFO - Health check endpoint hit.
2025-05-07 17:29:57,712 - app - INFO - Health check endpoint hit.
2025-05-07 17:30:27,773 - app - INFO - Health check endpoint hit.
2025-05-07 17:30:57,866 - app - INFO - Health check endpoint hit.
2025-05-07 17:31:27,959 - app - INFO - Health check endpoint hit.
2025-05-07 17:31:58,047 - app - INFO - Health check endpoint hit.
2025-05-07 17:32:28,139 - app - INFO - Health check endpoint hit.
2025-05-07 17:32:58,222 - app - INFO - Health check endpoint hit.
2025-05-07 17:33:28,282 - app - INFO - Health check endpoint hit.
2025-05-07 17:33:58,404 - app - INFO - Health check endpoint hit.
2025-05-07 17:34:28,476 - app - INFO - Health check endpoint hit.
2025-05-07 17:34:58,550 - app - INFO - Health check endpoint hit.
2025-05-07 17:35:10,234 - app - INFO - Health check endpoint hit.
2025-05-07 17:35:33,348 - app - INFO - Initializing the database...
2025-05-07 17:35:33,348 - app - INFO - Connecting to the database...
2025-05-07 17:35:33,364 - app - INFO - Database connection established.
2025-05-07 17:35:33,378 - app - INFO - Database initialized.
2025-05-07 17:35:33,379 - app - INFO - Adding task: added
2025-05-07 17:35:33,379 - app - INFO - Connecting to the database...
2025-05-07 17:35:33,385 - app - INFO - Database connection established.
2025-05-07 17:35:33,397 - app - INFO - Task 'added' added to the database.
2025-05-07 17:35:33,397 - app - INFO - Connecting to the database...
2025-05-07 17:35:33,402 - app - INFO - Database connection established.
2025-05-07 17:35:33,404 - app - INFO - Tasks retrieved from database and cached.
2025-05-07 17:35:36,477 - app - INFO - Health check endpoint hit.
2025-05-07 17:35:40,327 - app - INFO - Health check endpoint hit.
2025-05-07 17:36:10,554 - app - INFO - Health check endpoint hit.
2025-05-07 17:36:40,651 - app - INFO - Health check endpoint hit.
2025-05-07 17:37:10,724 - app - INFO - Health check endpoint hit.
2025-05-07 17:37:40,821 - app - INFO - Health check endpoint hit.
2025-05-07 17:38:10,915 - app - INFO - Health check endpoint hit.
2025-05-07 17:38:40,987 - app - INFO - Health check endpoint hit.
2025-05-07 17:39:11,047 - app - INFO - Health check endpoint hit.
2025-05-07 17:39:41,149 - app - INFO - Health check endpoint hit.
2025-05-07 17:40:11,219 - app - INFO - Health check endpoint hit.
2025-05-07 17:40:41,325 - app - INFO - Health check endpoint hit.
2025-05-07 17:41:11,423 - app - INFO - Health check endpoint hit.
2025-05-07 17:41:41,511 - app - INFO - Health check endpoint hit.
2025-05-07 17:41:50,175 - app - INFO - Health check endpoint hit.
2025-05-07 17:41:51,856 - app - INFO - Initializing the database...
2025-05-07 17:41:51,857 - app - INFO - Connecting to the database...
2025-05-07 17:41:51,867 - app - INFO - Database connection established.
2025-05-07 17:41:51,882 - app - INFO - Database initialized.
2025-05-07 17:41:51,883 - app - INFO - Adding task: added
2025-05-07 17:41:51,883 - app - INFO - Connecting to the database...
2025-05-07 17:41:51,889 - app - INFO - Database connection established.
2025-05-07 17:41:51,900 - app - INFO - Task 'added' added to the database.
2025-05-07 17:41:51,901 - app - INFO - Connecting to the database...
2025-05-07 17:41:51,905 - app - INFO - Database connection established.
2025-05-07 17:41:51,908 - app - INFO - Tasks retrieved from database and cached.
